// Jest Snapshot v1, https://goo.gl/fbAQLP

exports[`smoketestand snapshot test  for App 1`] = `[Function]`;
