// Jest Snapshot v1, https://goo.gl/fbAQLP

exports[`smoketest and snapshot test for TodoList 1`] = `[Function]`;
